Archive member included to satisfy reference by file (symbol)

c:/program files (x86)/atmel/studio/7.0/toolchain/avr8/avr8-gnu-toolchain/bin/../lib/gcc/avr/5.4.0/avr5\libgcc.a(_udivmodsi4.o)
                              Application/App.o (__udivmodsi4)
c:/program files (x86)/atmel/studio/7.0/toolchain/avr8/avr8-gnu-toolchain/bin/../lib/gcc/avr/5.4.0/avr5\libgcc.a(_exit.o)
                              C:/Program Files (x86)/Atmel/Studio/7.0/Packs/atmel/ATmega_DFP/1.7.374/gcc/dev/atmega32a/avr5/crtatmega32a.o (exit)
c:/program files (x86)/atmel/studio/7.0/toolchain/avr8/avr8-gnu-toolchain/bin/../lib/gcc/avr/5.4.0/avr5\libgcc.a(_copy_data.o)
                              Application/App.o (__do_copy_data)
c:/program files (x86)/atmel/studio/7.0/toolchain/avr8/avr8-gnu-toolchain/bin/../lib/gcc/avr/5.4.0/avr5\libgcc.a(_clear_bss.o)
                              Application/App.o (__do_clear_bss)

Allocating common symbols
Common symbol       size              file

color               0x1               Application/App.o

Discarded input sections

 .data          0x00000000        0x0 C:/Program Files (x86)/Atmel/Studio/7.0/Packs/atmel/ATmega_DFP/1.7.374/gcc/dev/atmega32a/avr5/crtatmega32a.o
 .bss           0x00000000        0x0 C:/Program Files (x86)/Atmel/Studio/7.0/Packs/atmel/ATmega_DFP/1.7.374/gcc/dev/atmega32a/avr5/crtatmega32a.o
 .text          0x00000000        0x0 Application/App.o
 .data          0x00000000        0x0 Application/App.o
 .bss           0x00000000        0x0 Application/App.o
 .text          0x00000000        0x0 HAL/BUTTON_Driver/BUTTON.o
 .data          0x00000000        0x0 HAL/BUTTON_Driver/BUTTON.o
 .bss           0x00000000        0x0 HAL/BUTTON_Driver/BUTTON.o
 .text.Button_get_state
                0x00000000        0x6 HAL/BUTTON_Driver/BUTTON.o
 .text          0x00000000        0x0 HAL/BUTTON_Driver/test.o
 .data          0x00000000        0x0 HAL/BUTTON_Driver/test.o
 .bss           0x00000000        0x0 HAL/BUTTON_Driver/test.o
 .debug_line    0x00000000        0x0 HAL/BUTTON_Driver/test.o
 .debug_str     0x00000000      0x135 HAL/BUTTON_Driver/test.o
 .comment       0x00000000       0x31 HAL/BUTTON_Driver/test.o
 .text          0x00000000        0x0 HAL/LED_Driver/LED.o
 .data          0x00000000        0x0 HAL/LED_Driver/LED.o
 .bss           0x00000000        0x0 HAL/LED_Driver/LED.o
 .text          0x00000000        0x0 HAL/LED_Driver/test.o
 .data          0x00000000        0x0 HAL/LED_Driver/test.o
 .bss           0x00000000        0x0 HAL/LED_Driver/test.o
 .debug_line    0x00000000        0x0 HAL/LED_Driver/test.o
 .debug_str     0x00000000      0x132 HAL/LED_Driver/test.o
 .comment       0x00000000       0x31 HAL/LED_Driver/test.o
 .text          0x00000000        0x0 main.o
 .data          0x00000000        0x0 main.o
 .bss           0x00000000        0x0 main.o
 .text          0x00000000        0x0 MCAL/DIO_Driver/DIO.o
 .data          0x00000000        0x0 MCAL/DIO_Driver/DIO.o
 .bss           0x00000000        0x0 MCAL/DIO_Driver/DIO.o
 .text          0x00000000        0x0 MCAL/DIO_Driver/test.o
 .data          0x00000000        0x0 MCAL/DIO_Driver/test.o
 .bss           0x00000000        0x0 MCAL/DIO_Driver/test.o
 .debug_info    0x00000000       0x41 MCAL/DIO_Driver/test.o
 .debug_abbrev  0x00000000       0x1b MCAL/DIO_Driver/test.o
 .debug_aranges
                0x00000000       0x18 MCAL/DIO_Driver/test.o
 .debug_line    0x00000000       0x1a MCAL/DIO_Driver/test.o
 .debug_str     0x00000000      0x17b MCAL/DIO_Driver/test.o
 .comment       0x00000000       0x31 MCAL/DIO_Driver/test.o
 .text          0x00000000        0x0 MCAL/Interrupt_Driver/Interrupt.o
 .data          0x00000000        0x0 MCAL/Interrupt_Driver/Interrupt.o
 .bss           0x00000000        0x0 MCAL/Interrupt_Driver/Interrupt.o
 .text          0x00000000        0x0 MCAL/Interrupt_Driver/test.o
 .data          0x00000000        0x0 MCAL/Interrupt_Driver/test.o
 .bss           0x00000000        0x0 MCAL/Interrupt_Driver/test.o
 .debug_line    0x00000000        0x0 MCAL/Interrupt_Driver/test.o
 .debug_str     0x00000000      0x139 MCAL/Interrupt_Driver/test.o
 .comment       0x00000000       0x31 MCAL/Interrupt_Driver/test.o
 .text          0x00000000        0x0 MCAL/Timer_Driver/test.o
 .data          0x00000000        0x0 MCAL/Timer_Driver/test.o
 .bss           0x00000000        0x0 MCAL/Timer_Driver/test.o
 .debug_line    0x00000000        0x0 MCAL/Timer_Driver/test.o
 .debug_str     0x00000000      0x135 MCAL/Timer_Driver/test.o
 .comment       0x00000000       0x31 MCAL/Timer_Driver/test.o
 .text          0x00000000        0x0 MCAL/Timer_Driver/Timer.o
 .data          0x00000000        0x0 MCAL/Timer_Driver/Timer.o
 .bss           0x00000000        0x0 MCAL/Timer_Driver/Timer.o
 .text          0x00000000        0x0 c:/program files (x86)/atmel/studio/7.0/toolchain/avr8/avr8-gnu-toolchain/bin/../lib/gcc/avr/5.4.0/avr5\libgcc.a(_udivmodsi4.o)
 .data          0x00000000        0x0 c:/program files (x86)/atmel/studio/7.0/toolchain/avr8/avr8-gnu-toolchain/bin/../lib/gcc/avr/5.4.0/avr5\libgcc.a(_udivmodsi4.o)
 .bss           0x00000000        0x0 c:/program files (x86)/atmel/studio/7.0/toolchain/avr8/avr8-gnu-toolchain/bin/../lib/gcc/avr/5.4.0/avr5\libgcc.a(_udivmodsi4.o)
 .text.libgcc.mul
                0x00000000        0x0 c:/program files (x86)/atmel/studio/7.0/toolchain/avr8/avr8-gnu-toolchain/bin/../lib/gcc/avr/5.4.0/avr5\libgcc.a(_udivmodsi4.o)
 .text.libgcc   0x00000000        0x0 c:/program files (x86)/atmel/studio/7.0/toolchain/avr8/avr8-gnu-toolchain/bin/../lib/gcc/avr/5.4.0/avr5\libgcc.a(_udivmodsi4.o)
 .text.libgcc.prologue
                0x00000000        0x0 c:/program files (x86)/atmel/studio/7.0/toolchain/avr8/avr8-gnu-toolchain/bin/../lib/gcc/avr/5.4.0/avr5\libgcc.a(_udivmodsi4.o)
 .text.libgcc.builtins
                0x00000000        0x0 c:/program files (x86)/atmel/studio/7.0/toolchain/avr8/avr8-gnu-toolchain/bin/../lib/gcc/avr/5.4.0/avr5\libgcc.a(_udivmodsi4.o)
 .text.libgcc.fmul
                0x00000000        0x0 c:/program files (x86)/atmel/studio/7.0/toolchain/avr8/avr8-gnu-toolchain/bin/../lib/gcc/avr/5.4.0/avr5\libgcc.a(_udivmodsi4.o)
 .text.libgcc.fixed
                0x00000000        0x0 c:/program files (x86)/atmel/studio/7.0/toolchain/avr8/avr8-gnu-toolchain/bin/../lib/gcc/avr/5.4.0/avr5\libgcc.a(_udivmodsi4.o)
 .text          0x00000000        0x0 c:/program files (x86)/atmel/studio/7.0/toolchain/avr8/avr8-gnu-toolchain/bin/../lib/gcc/avr/5.4.0/avr5\libgcc.a(_exit.o)
 .data          0x00000000        0x0 c:/program files (x86)/atmel/studio/7.0/toolchain/avr8/avr8-gnu-toolchain/bin/../lib/gcc/avr/5.4.0/avr5\libgcc.a(_exit.o)
 .bss           0x00000000        0x0 c:/program files (x86)/atmel/studio/7.0/toolchain/avr8/avr8-gnu-toolchain/bin/../lib/gcc/avr/5.4.0/avr5\libgcc.a(_exit.o)
 .text.libgcc.mul
                0x00000000        0x0 c:/program files (x86)/atmel/studio/7.0/toolchain/avr8/avr8-gnu-toolchain/bin/../lib/gcc/avr/5.4.0/avr5\libgcc.a(_exit.o)
 .text.libgcc.div
                0x00000000        0x0 c:/program files (x86)/atmel/studio/7.0/toolchain/avr8/avr8-gnu-toolchain/bin/../lib/gcc/avr/5.4.0/avr5\libgcc.a(_exit.o)
 .text.libgcc   0x00000000        0x0 c:/program files (x86)/atmel/studio/7.0/toolchain/avr8/avr8-gnu-toolchain/bin/../lib/gcc/avr/5.4.0/avr5\libgcc.a(_exit.o)
 .text.libgcc.prologue
                0x00000000        0x0 c:/program files (x86)/atmel/studio/7.0/toolchain/avr8/avr8-gnu-toolchain/bin/../lib/gcc/avr/5.4.0/avr5\libgcc.a(_exit.o)
 .text.libgcc.builtins
                0x00000000        0x0 c:/program files (x86)/atmel/studio/7.0/toolchain/avr8/avr8-gnu-toolchain/bin/../lib/gcc/avr/5.4.0/avr5\libgcc.a(_exit.o)
 .text.libgcc.fmul
                0x00000000        0x0 c:/program files (x86)/atmel/studio/7.0/toolchain/avr8/avr8-gnu-toolchain/bin/../lib/gcc/avr/5.4.0/avr5\libgcc.a(_exit.o)
 .text.libgcc.fixed
                0x00000000        0x0 c:/program files (x86)/atmel/studio/7.0/toolchain/avr8/avr8-gnu-toolchain/bin/../lib/gcc/avr/5.4.0/avr5\libgcc.a(_exit.o)
 .text          0x00000000        0x0 c:/program files (x86)/atmel/studio/7.0/toolchain/avr8/avr8-gnu-toolchain/bin/../lib/gcc/avr/5.4.0/avr5\libgcc.a(_copy_data.o)
 .data          0x00000000        0x0 c:/program files (x86)/atmel/studio/7.0/toolchain/avr8/avr8-gnu-toolchain/bin/../lib/gcc/avr/5.4.0/avr5\libgcc.a(_copy_data.o)
 .bss           0x00000000        0x0 c:/program files (x86)/atmel/studio/7.0/toolchain/avr8/avr8-gnu-toolchain/bin/../lib/gcc/avr/5.4.0/avr5\libgcc.a(_copy_data.o)
 .text.libgcc.mul
                0x00000000        0x0 c:/program files (x86)/atmel/studio/7.0/toolchain/avr8/avr8-gnu-toolchain/bin/../lib/gcc/avr/5.4.0/avr5\libgcc.a(_copy_data.o)
 .text.libgcc.div
                0x00000000        0x0 c:/program files (x86)/atmel/studio/7.0/toolchain/avr8/avr8-gnu-toolchain/bin/../lib/gcc/avr/5.4.0/avr5\libgcc.a(_copy_data.o)
 .text.libgcc   0x00000000        0x0 c:/program files (x86)/atmel/studio/7.0/toolchain/avr8/avr8-gnu-toolchain/bin/../lib/gcc/avr/5.4.0/avr5\libgcc.a(_copy_data.o)
 .text.libgcc.prologue
                0x00000000        0x0 c:/program files (x86)/atmel/studio/7.0/toolchain/avr8/avr8-gnu-toolchain/bin/../lib/gcc/avr/5.4.0/avr5\libgcc.a(_copy_data.o)
 .text.libgcc.builtins
                0x00000000        0x0 c:/program files (x86)/atmel/studio/7.0/toolchain/avr8/avr8-gnu-toolchain/bin/../lib/gcc/avr/5.4.0/avr5\libgcc.a(_copy_data.o)
 .text.libgcc.fmul
                0x00000000        0x0 c:/program files (x86)/atmel/studio/7.0/toolchain/avr8/avr8-gnu-toolchain/bin/../lib/gcc/avr/5.4.0/avr5\libgcc.a(_copy_data.o)
 .text.libgcc.fixed
                0x00000000        0x0 c:/program files (x86)/atmel/studio/7.0/toolchain/avr8/avr8-gnu-toolchain/bin/../lib/gcc/avr/5.4.0/avr5\libgcc.a(_copy_data.o)
 .text          0x00000000        0x0 c:/program files (x86)/atmel/studio/7.0/toolchain/avr8/avr8-gnu-toolchain/bin/../lib/gcc/avr/5.4.0/avr5\libgcc.a(_clear_bss.o)
 .data          0x00000000        0x0 c:/program files (x86)/atmel/studio/7.0/toolchain/avr8/avr8-gnu-toolchain/bin/../lib/gcc/avr/5.4.0/avr5\libgcc.a(_clear_bss.o)
 .bss           0x00000000        0x0 c:/program files (x86)/atmel/studio/7.0/toolchain/avr8/avr8-gnu-toolchain/bin/../lib/gcc/avr/5.4.0/avr5\libgcc.a(_clear_bss.o)
 .text.libgcc.mul
                0x00000000        0x0 c:/program files (x86)/atmel/studio/7.0/toolchain/avr8/avr8-gnu-toolchain/bin/../lib/gcc/avr/5.4.0/avr5\libgcc.a(_clear_bss.o)
 .text.libgcc.div
                0x00000000        0x0 c:/program files (x86)/atmel/studio/7.0/toolchain/avr8/avr8-gnu-toolchain/bin/../lib/gcc/avr/5.4.0/avr5\libgcc.a(_clear_bss.o)
 .text.libgcc   0x00000000        0x0 c:/program files (x86)/atmel/studio/7.0/toolchain/avr8/avr8-gnu-toolchain/bin/../lib/gcc/avr/5.4.0/avr5\libgcc.a(_clear_bss.o)
 .text.libgcc.prologue
                0x00000000        0x0 c:/program files (x86)/atmel/studio/7.0/toolchain/avr8/avr8-gnu-toolchain/bin/../lib/gcc/avr/5.4.0/avr5\libgcc.a(_clear_bss.o)
 .text.libgcc.builtins
                0x00000000        0x0 c:/program files (x86)/atmel/studio/7.0/toolchain/avr8/avr8-gnu-toolchain/bin/../lib/gcc/avr/5.4.0/avr5\libgcc.a(_clear_bss.o)
 .text.libgcc.fmul
                0x00000000        0x0 c:/program files (x86)/atmel/studio/7.0/toolchain/avr8/avr8-gnu-toolchain/bin/../lib/gcc/avr/5.4.0/avr5\libgcc.a(_clear_bss.o)
 .text.libgcc.fixed
                0x00000000        0x0 c:/program files (x86)/atmel/studio/7.0/toolchain/avr8/avr8-gnu-toolchain/bin/../lib/gcc/avr/5.4.0/avr5\libgcc.a(_clear_bss.o)

Memory Configuration

Name             Origin             Length             Attributes
text             0x00000000         0x00008000         xr
data             0x00800060         0x00000800         rw !x
eeprom           0x00810000         0x00000400         rw !x
fuse             0x00820000         0x00000002         rw !x
lock             0x00830000         0x00000400         rw !x
signature        0x00840000         0x00000400         rw !x
user_signatures  0x00850000         0x00000400         rw !x
*default*        0x00000000         0xffffffff

Linker script and memory map

LOAD C:/Program Files (x86)/Atmel/Studio/7.0/Packs/atmel/ATmega_DFP/1.7.374/gcc/dev/atmega32a/avr5/crtatmega32a.o
LOAD Application/App.o
LOAD HAL/BUTTON_Driver/BUTTON.o
LOAD HAL/BUTTON_Driver/test.o
LOAD HAL/LED_Driver/LED.o
LOAD HAL/LED_Driver/test.o
LOAD main.o
LOAD MCAL/DIO_Driver/DIO.o
LOAD MCAL/DIO_Driver/test.o
LOAD MCAL/Interrupt_Driver/Interrupt.o
LOAD MCAL/Interrupt_Driver/test.o
LOAD MCAL/Timer_Driver/test.o
LOAD MCAL/Timer_Driver/Timer.o
START GROUP
LOAD c:/program files (x86)/atmel/studio/7.0/toolchain/avr8/avr8-gnu-toolchain/bin/../lib/gcc/avr/5.4.0/../../../../avr/lib/avr5\libm.a
END GROUP
START GROUP
LOAD c:/program files (x86)/atmel/studio/7.0/toolchain/avr8/avr8-gnu-toolchain/bin/../lib/gcc/avr/5.4.0/avr5\libgcc.a
LOAD c:/program files (x86)/atmel/studio/7.0/toolchain/avr8/avr8-gnu-toolchain/bin/../lib/gcc/avr/5.4.0/../../../../avr/lib/avr5\libm.a
LOAD c:/program files (x86)/atmel/studio/7.0/toolchain/avr8/avr8-gnu-toolchain/bin/../lib/gcc/avr/5.4.0/../../../../avr/lib/avr5\libc.a
LOAD C:/Program Files (x86)/Atmel/Studio/7.0/Packs/atmel/ATmega_DFP/1.7.374/gcc/dev/atmega32a/avr5\libatmega32a.a
END GROUP
                [0x00000000]                __TEXT_REGION_ORIGIN__ = DEFINED (__TEXT_REGION_ORIGIN__)?__TEXT_REGION_ORIGIN__:0x0
                [0x00800060]                __DATA_REGION_ORIGIN__ = DEFINED (__DATA_REGION_ORIGIN__)?__DATA_REGION_ORIGIN__:0x800060
                [0x00008000]                __TEXT_REGION_LENGTH__ = DEFINED (__TEXT_REGION_LENGTH__)?__TEXT_REGION_LENGTH__:0x20000
                [0x00000800]                __DATA_REGION_LENGTH__ = DEFINED (__DATA_REGION_LENGTH__)?__DATA_REGION_LENGTH__:0xffa0
                [0x00000400]                __EEPROM_REGION_LENGTH__ = DEFINED (__EEPROM_REGION_LENGTH__)?__EEPROM_REGION_LENGTH__:0x10000
                [0x00000002]                __FUSE_REGION_LENGTH__ = DEFINED (__FUSE_REGION_LENGTH__)?__FUSE_REGION_LENGTH__:0x400
                0x00000400                __LOCK_REGION_LENGTH__ = DEFINED (__LOCK_REGION_LENGTH__)?__LOCK_REGION_LENGTH__:0x400
                0x00000400                __SIGNATURE_REGION_LENGTH__ = DEFINED (__SIGNATURE_REGION_LENGTH__)?__SIGNATURE_REGION_LENGTH__:0x400
                0x00000400                __USER_SIGNATURE_REGION_LENGTH__ = DEFINED (__USER_SIGNATURE_REGION_LENGTH__)?__USER_SIGNATURE_REGION_LENGTH__:0x400

.hash
 *(.hash)

.dynsym
 *(.dynsym)

.dynstr
 *(.dynstr)

.gnu.version
 *(.gnu.version)

.gnu.version_d
 *(.gnu.version_d)

.gnu.version_r
 *(.gnu.version_r)

.rel.init
 *(.rel.init)

.rela.init
 *(.rela.init)

.rel.text
 *(.rel.text)
 *(.rel.text.*)
 *(.rel.gnu.linkonce.t*)

.rela.text
 *(.rela.text)
 *(.rela.text.*)
 *(.rela.gnu.linkonce.t*)

.rel.fini
 *(.rel.fini)

.rela.fini
 *(.rela.fini)

.rel.rodata
 *(.rel.rodata)
 *(.rel.rodata.*)
 *(.rel.gnu.linkonce.r*)

.rela.rodata
 *(.rela.rodata)
 *(.rela.rodata.*)
 *(.rela.gnu.linkonce.r*)

.rel.data
 *(.rel.data)
 *(.rel.data.*)
 *(.rel.gnu.linkonce.d*)

.rela.data
 *(.rela.data)
 *(.rela.data.*)
 *(.rela.gnu.linkonce.d*)

.rel.ctors
 *(.rel.ctors)

.rela.ctors
 *(.rela.ctors)

.rel.dtors
 *(.rel.dtors)

.rela.dtors
 *(.rela.dtors)

.rel.got
 *(.rel.got)

.rela.got
 *(.rela.got)

.rel.bss
 *(.rel.bss)

.rela.bss
 *(.rela.bss)

.rel.plt
 *(.rel.plt)

.rela.plt
 *(.rela.plt)

.text           0x00000000      0x8a0
 *(.vectors)
 .vectors       0x00000000       0x54 C:/Program Files (x86)/Atmel/Studio/7.0/Packs/atmel/ATmega_DFP/1.7.374/gcc/dev/atmega32a/avr5/crtatmega32a.o
                0x00000000                __vector_default
                0x00000000                __vectors
 *(.vectors)
 *(.progmem.gcc*)
                0x00000054                . = ALIGN (0x2)
                0x00000054                __trampolines_start = .
 *(.trampolines)
 .trampolines   0x00000054        0x0 linker stubs
 *(.trampolines*)
                0x00000054                __trampolines_end = .
 *libprintf_flt.a:*(.progmem.data)
 *libc.a:*(.progmem.data)
 *(.progmem*)
                0x00000054                . = ALIGN (0x2)
 *(.jumptables)
 *(.jumptables*)
 *(.lowtext)
 *(.lowtext*)
                0x00000054                __ctors_start = .
 *(.ctors)
                0x00000054                __ctors_end = .
                0x00000054                __dtors_start = .
 *(.dtors)
                0x00000054                __dtors_end = .
 SORT(*)(.ctors)
 SORT(*)(.dtors)
 *(.init0)
 .init0         0x00000054        0x0 C:/Program Files (x86)/Atmel/Studio/7.0/Packs/atmel/ATmega_DFP/1.7.374/gcc/dev/atmega32a/avr5/crtatmega32a.o
                0x00000054                __init
 *(.init0)
 *(.init1)
 *(.init1)
 *(.init2)
 .init2         0x00000054        0xc C:/Program Files (x86)/Atmel/Studio/7.0/Packs/atmel/ATmega_DFP/1.7.374/gcc/dev/atmega32a/avr5/crtatmega32a.o
 *(.init2)
 *(.init3)
 *(.init3)
 *(.init4)
 .init4         0x00000060       0x16 c:/program files (x86)/atmel/studio/7.0/toolchain/avr8/avr8-gnu-toolchain/bin/../lib/gcc/avr/5.4.0/avr5\libgcc.a(_copy_data.o)
                0x00000060                __do_copy_data
 .init4         0x00000076       0x10 c:/program files (x86)/atmel/studio/7.0/toolchain/avr8/avr8-gnu-toolchain/bin/../lib/gcc/avr/5.4.0/avr5\libgcc.a(_clear_bss.o)
                0x00000076                __do_clear_bss
 *(.init4)
 *(.init5)
 *(.init5)
 *(.init6)
 *(.init6)
 *(.init7)
 *(.init7)
 *(.init8)
 *(.init8)
 *(.init9)
 .init9         0x00000086        0x8 C:/Program Files (x86)/Atmel/Studio/7.0/Packs/atmel/ATmega_DFP/1.7.374/gcc/dev/atmega32a/avr5/crtatmega32a.o
 *(.init9)
 *(.text)
 .text          0x0000008e        0x4 C:/Program Files (x86)/Atmel/Studio/7.0/Packs/atmel/ATmega_DFP/1.7.374/gcc/dev/atmega32a/avr5/crtatmega32a.o
                0x0000008e                __vector_12
                0x0000008e                __bad_interrupt
                0x0000008e                __vector_6
                0x0000008e                __vector_3
                0x0000008e                __vector_11
                0x0000008e                __vector_13
                0x0000008e                __vector_17
                0x0000008e                __vector_19
                0x0000008e                __vector_7
                0x0000008e                __vector_5
                0x0000008e                __vector_4
                0x0000008e                __vector_9
                0x0000008e                __vector_2
                0x0000008e                __vector_15
                0x0000008e                __vector_8
                0x0000008e                __vector_14
                0x0000008e                __vector_10
                0x0000008e                __vector_16
                0x0000008e                __vector_18
                0x0000008e                __vector_20
                0x00000092                . = ALIGN (0x2)
 *(.text.*)
 .text.App_init
                0x00000092       0x42 Application/App.o
                0x00000092                App_init
 .text.__vector_1
                0x000000d4       0xa2 Application/App.o
                0x000000d4                __vector_1
 .text.TurnOffLEDs
                0x00000176       0x32 Application/App.o
                0x00000176                TurnOffLEDs
 .text.RedLED   0x000001a8       0x16 Application/App.o
                0x000001a8                RedLED
 .text.toggle_2_LEDs_5s
                0x000001be       0x82 Application/App.o
                0x000001be                toggle_2_LEDs_5s
 .text.GreenLED
                0x00000240       0x56 Application/App.o
                0x00000240                GreenLED
 .text.toggle_LED_5s
                0x00000296       0x6e Application/App.o
                0x00000296                toggle_LED_5s
 .text.YellowLED
                0x00000304       0x52 Application/App.o
                0x00000304                YellowLED
 .text.PedestrianMode
                0x00000356       0x70 Application/App.o
                0x00000356                PedestrianMode
 .text.App_start
                0x000003c6       0x9e Application/App.o
                0x000003c6                App_start
 .text.Button_init
                0x00000464        0x8 HAL/BUTTON_Driver/BUTTON.o
                0x00000464                Button_init
 .text.LED_Init
                0x0000046c        0x8 HAL/LED_Driver/LED.o
                0x0000046c                LED_Init
 .text.LED_ON   0x00000474        0x8 HAL/LED_Driver/LED.o
                0x00000474                LED_ON
 .text.LED_OFF  0x0000047c        0x8 HAL/LED_Driver/LED.o
                0x0000047c                LED_OFF
 .text.LED_TOGGLE
                0x00000484        0x6 HAL/LED_Driver/LED.o
                0x00000484                LED_TOGGLE
 .text.main     0x0000048a        0xe main.o
                0x0000048a                main
 .text.DIO_Init
                0x00000498       0xf0 MCAL/DIO_Driver/DIO.o
                0x00000498                DIO_Init
 .text.DIO_Write
                0x00000588       0xf0 MCAL/DIO_Driver/DIO.o
                0x00000588                DIO_Write
 .text.DIO_Read
                0x00000678       0xc8 MCAL/DIO_Driver/DIO.o
                0x00000678                DIO_Read
 .text.DIO_Toggle
                0x00000740       0x6e MCAL/DIO_Driver/DIO.o
                0x00000740                DIO_Toggle
 .text.interrupt_rising_init
                0x000007ae       0x10 MCAL/Interrupt_Driver/Interrupt.o
                0x000007ae                interrupt_rising_init
 .text.TIMER_init
                0x000007be        0x6 MCAL/Timer_Driver/Timer.o
                0x000007be                TIMER_init
 .text.TIMER_start
                0x000007c4       0x7a MCAL/Timer_Driver/Timer.o
                0x000007c4                TIMER_start
 .text.TIMER_stop
                0x0000083e        0x4 MCAL/Timer_Driver/Timer.o
                0x0000083e                TIMER_stop
 .text.delay_5s
                0x00000842       0x16 MCAL/Timer_Driver/Timer.o
                0x00000842                delay_5s
 .text.libgcc.div
                0x00000858       0x44 c:/program files (x86)/atmel/studio/7.0/toolchain/avr8/avr8-gnu-toolchain/bin/../lib/gcc/avr/5.4.0/avr5\libgcc.a(_udivmodsi4.o)
                0x00000858                __udivmodsi4
                0x0000089c                . = ALIGN (0x2)
 *(.fini9)
 .fini9         0x0000089c        0x0 c:/program files (x86)/atmel/studio/7.0/toolchain/avr8/avr8-gnu-toolchain/bin/../lib/gcc/avr/5.4.0/avr5\libgcc.a(_exit.o)
                0x0000089c                _exit
                0x0000089c                exit
 *(.fini9)
 *(.fini8)
 *(.fini8)
 *(.fini7)
 *(.fini7)
 *(.fini6)
 *(.fini6)
 *(.fini5)
 *(.fini5)
 *(.fini4)
 *(.fini4)
 *(.fini3)
 *(.fini3)
 *(.fini2)
 *(.fini2)
 *(.fini1)
 *(.fini1)
 *(.fini0)
 .fini0         0x0000089c        0x4 c:/program files (x86)/atmel/studio/7.0/toolchain/avr8/avr8-gnu-toolchain/bin/../lib/gcc/avr/5.4.0/avr5\libgcc.a(_exit.o)
 *(.fini0)
                0x000008a0                _etext = .

.data           0x00800060        0x2 load address 0x000008a0
                0x00800060                PROVIDE (__data_start, .)
 *(.data)
 *(.data*)
 .data.interrupt_state
                0x00800060        0x1 Application/App.o
                0x00800060                interrupt_state
 *(.gnu.linkonce.d*)
 *(.rodata)
 *(.rodata*)
 *(.gnu.linkonce.r*)
                0x00800062                . = ALIGN (0x2)
 *fill*         0x00800061        0x1 
                0x00800062                _edata = .
                0x00800062                PROVIDE (__data_end, .)

.bss            0x00800062        0x2
                0x00800062                PROVIDE (__bss_start, .)
 *(.bss)
 *(.bss*)
 .bss.mode      0x00800062        0x1 Application/App.o
                0x00800062                mode
 *(COMMON)
 COMMON         0x00800063        0x1 Application/App.o
                0x00800063                color
                0x00800064                PROVIDE (__bss_end, .)
                0x000008a0                __data_load_start = LOADADDR (.data)
                0x000008a2                __data_load_end = (__data_load_start + SIZEOF (.data))

.noinit         0x00800064        0x0
                [!provide]                PROVIDE (__noinit_start, .)
 *(.noinit*)
                [!provide]                PROVIDE (__noinit_end, .)
                0x00800064                _end = .
                [!provide]                PROVIDE (__heap_start, .)

.eeprom         0x00810000        0x0
 *(.eeprom*)
                0x00810000                __eeprom_end = .

.fuse
 *(.fuse)
 *(.lfuse)
 *(.hfuse)
 *(.efuse)

.lock
 *(.lock*)

.signature
 *(.signature*)

.user_signatures
 *(.user_signatures*)

.stab
 *(.stab)

.stabstr
 *(.stabstr)

.stab.excl
 *(.stab.excl)

.stab.exclstr
 *(.stab.exclstr)

.stab.index
 *(.stab.index)

.stab.indexstr
 *(.stab.indexstr)

.comment        0x00000000       0x30
 *(.comment)
 .comment       0x00000000       0x30 Application/App.o
                                 0x31 (size before relaxing)
 .comment       0x00000030       0x31 HAL/BUTTON_Driver/BUTTON.o
 .comment       0x00000030       0x31 HAL/LED_Driver/LED.o
 .comment       0x00000030       0x31 main.o
 .comment       0x00000030       0x31 MCAL/DIO_Driver/DIO.o
 .comment       0x00000030       0x31 MCAL/Interrupt_Driver/Interrupt.o
 .comment       0x00000030       0x31 MCAL/Timer_Driver/Timer.o

.note.gnu.avr.deviceinfo
                0x00000000       0x3c
 .note.gnu.avr.deviceinfo
                0x00000000       0x3c C:/Program Files (x86)/Atmel/Studio/7.0/Packs/atmel/ATmega_DFP/1.7.374/gcc/dev/atmega32a/avr5/crtatmega32a.o

.note.gnu.build-id
 *(.note.gnu.build-id)

.debug
 *(.debug)

.line
 *(.line)

.debug_srcinfo
 *(.debug_srcinfo)

.debug_sfnames
 *(.debug_sfnames)

.debug_aranges  0x00000000      0x178
 *(.debug_aranges)
 .debug_aranges
                0x00000000       0x68 Application/App.o
 .debug_aranges
                0x00000068       0x28 HAL/BUTTON_Driver/BUTTON.o
 .debug_aranges
                0x00000090       0x38 HAL/LED_Driver/LED.o
 .debug_aranges
                0x000000c8       0x20 main.o
 .debug_aranges
                0x000000e8       0x38 MCAL/DIO_Driver/DIO.o
 .debug_aranges
                0x00000120       0x20 MCAL/Interrupt_Driver/Interrupt.o
 .debug_aranges
                0x00000140       0x38 MCAL/Timer_Driver/Timer.o

.debug_pubnames
 *(.debug_pubnames)

.debug_info     0x00000000     0x1531
 *(.debug_info .gnu.linkonce.wi.*)
 .debug_info    0x00000000      0x4e6 C:/Program Files (x86)/Atmel/Studio/7.0/Packs/atmel/ATmega_DFP/1.7.374/gcc/dev/atmega32a/avr5/crtatmega32a.o
 .debug_info    0x000004e6      0x99a Application/App.o
 .debug_info    0x00000e80      0x13a HAL/BUTTON_Driver/BUTTON.o
 .debug_info    0x00000fba      0x1d2 HAL/LED_Driver/LED.o
 .debug_info    0x0000118c       0x9f main.o
 .debug_info    0x0000122b      0x162 MCAL/DIO_Driver/DIO.o
 .debug_info    0x0000138d       0x6e MCAL/Interrupt_Driver/Interrupt.o
 .debug_info    0x000013fb      0x136 MCAL/Timer_Driver/Timer.o

.debug_abbrev   0x00000000      0x909
 *(.debug_abbrev)
 .debug_abbrev  0x00000000      0x4a3 C:/Program Files (x86)/Atmel/Studio/7.0/Packs/atmel/ATmega_DFP/1.7.374/gcc/dev/atmega32a/avr5/crtatmega32a.o
 .debug_abbrev  0x000004a3      0x162 Application/App.o
 .debug_abbrev  0x00000605       0x89 HAL/BUTTON_Driver/BUTTON.o
 .debug_abbrev  0x0000068e       0x80 HAL/LED_Driver/LED.o
 .debug_abbrev  0x0000070e       0x65 main.o
 .debug_abbrev  0x00000773       0x87 MCAL/DIO_Driver/DIO.o
 .debug_abbrev  0x000007fa       0x46 MCAL/Interrupt_Driver/Interrupt.o
 .debug_abbrev  0x00000840       0xc9 MCAL/Timer_Driver/Timer.o

.debug_line     0x00000000      0xc19
 *(.debug_line .debug_line.* .debug_line_end)
 .debug_line    0x00000000      0x116 C:/Program Files (x86)/Atmel/Studio/7.0/Packs/atmel/ATmega_DFP/1.7.374/gcc/dev/atmega32a/avr5/crtatmega32a.o
 .debug_line    0x00000116      0x509 Application/App.o
 .debug_line    0x0000061f       0xfd HAL/BUTTON_Driver/BUTTON.o
 .debug_line    0x0000071c      0x101 HAL/LED_Driver/LED.o
 .debug_line    0x0000081d       0x65 main.o
 .debug_line    0x00000882      0x1d3 MCAL/DIO_Driver/DIO.o
 .debug_line    0x00000a55       0x98 MCAL/Interrupt_Driver/Interrupt.o
 .debug_line    0x00000aed      0x12c MCAL/Timer_Driver/Timer.o

.debug_frame    0x00000000      0x2d8
 *(.debug_frame)
 .debug_frame   0x00000000      0x154 Application/App.o
 .debug_frame   0x00000154       0x34 HAL/BUTTON_Driver/BUTTON.o
 .debug_frame   0x00000188       0x54 HAL/LED_Driver/LED.o
 .debug_frame   0x000001dc       0x24 main.o
 .debug_frame   0x00000200       0x54 MCAL/DIO_Driver/DIO.o
 .debug_frame   0x00000254       0x24 MCAL/Interrupt_Driver/Interrupt.o
 .debug_frame   0x00000278       0x60 MCAL/Timer_Driver/Timer.o

.debug_str      0x00000000      0x603
 *(.debug_str)
 .debug_str     0x00000000      0x196 C:/Program Files (x86)/Atmel/Studio/7.0/Packs/atmel/ATmega_DFP/1.7.374/gcc/dev/atmega32a/avr5/crtatmega32a.o
 .debug_str     0x00000196      0x31c Application/App.o
                                0x328 (size before relaxing)
 .debug_str     0x000004b2       0x4d HAL/BUTTON_Driver/BUTTON.o
                                0x1d1 (size before relaxing)
 .debug_str     0x000004ff       0x3c HAL/LED_Driver/LED.o
                                0x1d1 (size before relaxing)
 .debug_str     0x0000053b       0x11 main.o
                                0x185 (size before relaxing)
 .debug_str     0x0000054c       0x38 MCAL/DIO_Driver/DIO.o
                                0x1ce (size before relaxing)
 .debug_str     0x00000584       0x25 MCAL/Interrupt_Driver/Interrupt.o
                                0x1a4 (size before relaxing)
 .debug_str     0x000005a9       0x5a MCAL/Timer_Driver/Timer.o
                                0x1f0 (size before relaxing)

.debug_loc      0x00000000      0x85b
 *(.debug_loc)
 .debug_loc     0x00000000      0x33a Application/App.o
 .debug_loc     0x0000033a       0xaa HAL/BUTTON_Driver/BUTTON.o
 .debug_loc     0x000003e4      0x108 HAL/LED_Driver/LED.o
 .debug_loc     0x000004ec      0x278 MCAL/DIO_Driver/DIO.o
 .debug_loc     0x00000764       0xf7 MCAL/Timer_Driver/Timer.o

.debug_macinfo
 *(.debug_macinfo)

.debug_weaknames
 *(.debug_weaknames)

.debug_funcnames
 *(.debug_funcnames)

.debug_typenames
 *(.debug_typenames)

.debug_varnames
 *(.debug_varnames)

.debug_pubtypes
 *(.debug_pubtypes)

.debug_ranges   0x00000000      0x108
 *(.debug_ranges)
 .debug_ranges  0x00000000       0x58 Application/App.o
 .debug_ranges  0x00000058       0x18 HAL/BUTTON_Driver/BUTTON.o
 .debug_ranges  0x00000070       0x28 HAL/LED_Driver/LED.o
 .debug_ranges  0x00000098       0x10 main.o
 .debug_ranges  0x000000a8       0x28 MCAL/DIO_Driver/DIO.o
 .debug_ranges  0x000000d0       0x10 MCAL/Interrupt_Driver/Interrupt.o
 .debug_ranges  0x000000e0       0x28 MCAL/Timer_Driver/Timer.o

.debug_macro
 *(.debug_macro)
OUTPUT(FWD_Traffic_Light_Control.elf elf32-avr)
LOAD linker stubs
